Top level ::CompositeIO is deprecated, require 'multipart/post' and use `Multipart::Post::CompositeReadIO` instead!
Top level ::Parts is deprecated, require 'multipart/post' and use `Multipart::Post::Parts` instead!
/home/dev/.gem/jruby/2.6.0/gems/faraday-0.15.4/lib/faraday/upload_io.rb:65: warning: constant ::UploadIO is deprecated
/home/dev/.gem/jruby/2.6.0/gems/faraday-0.15.4/lib/faraday/upload_io.rb:66: warning: constant ::Parts is deprecated
Ignoring activerecord-jdbc-adapter-52.8-java because its extensions are not built. Try: gem pristine activerecord-jdbc-adapter --version 52.8
[fog][DEPRECATION] Unable to load Fog::AWS::AutoScaling
[fog][DEPRECATION] Falling back to deprecated constant Fog::AutoScaling::AWS. The preferred format of service provider constants has changed from service::provider to provider::service. Please update this service provider to use the preferred format.
[fog][DEPRECATION] Unable to load Fog::AWS::ElasticBeanstalk
[fog][DEPRECATION] Falling back to deprecated constant Fog::ElasticBeanstalk::AWS. The preferred format of service provider constants has changed from service::provider to provider::service. Please update this service provider to use the preferred format.
[fog][DEPRECATION] Unable to load Fog::AWS::CDN
[fog][DEPRECATION] Falling back to deprecated constant Fog::CDN::AWS. The preferred format of service provider constants has changed from service::provider to provider::service. Please update this service provider to use the preferred format.
[fog][DEPRECATION] Unable to load Fog::AWS::CloudFormation
[fog][DEPRECATION] Falling back to deprecated constant Fog::CloudFormation::AWS. The preferred format of service provider constants has changed from service::provider to provider::service. Please update this service provider to use the preferred format.
[fog][DEPRECATION] Unable to load Fog::AWS::CloudWatch
[fog][DEPRECATION] Falling back to deprecated constant Fog::CloudWatch::AWS. The preferred format of service provider constants has changed from service::provider to provider::service. Please update this service provider to use the preferred format.
[fog][DEPRECATION] Unable to load Fog::AWS::Compute
[fog][DEPRECATION] Falling back to deprecated constant Fog::Compute::AWS. The preferred format of service provider constants has changed from service::provider to provider::service. Please update this service provider to use the preferred format.
[fog][DEPRECATION] Unable to load Fog::AWS::DataPipeline
[fog][DEPRECATION] Falling back to deprecated constant Fog::DataPipeline::AWS. The preferred format of service provider constants has changed from service::provider to provider::service. Please update this service provider to use the preferred format.
[fog][DEPRECATION] Unable to load Fog::AWS::DNS
[fog][DEPRECATION] Falling back to deprecated constant Fog::DNS::AWS. The preferred format of service provider constants has changed from service::provider to provider::service. Please update this service provider to use the preferred format.
[fog][DEPRECATION] Unable to load Fog::AWS::DynamoDB
[fog][DEPRECATION] Falling back to deprecated constant Fog::DynamoDB::AWS. The preferred format of service provider constants has changed from service::provider to provider::service. Please update this service provider to use the preferred format.
[fog][DEPRECATION] Unable to load Fog::AWS::Elasticache
[fog][DEPRECATION] Falling back to deprecated constant Fog::Elasticache::AWS. The preferred format of service provider constants has changed from service::provider to provider::service. Please update this service provider to use the preferred format.
[fog][DEPRECATION] Unable to load Fog::AWS::ECS
[fog][DEPRECATION] Falling back to deprecated constant Fog::ECS::AWS. The preferred format of service provider constants has changed from service::provider to provider::service. Please update this service provider to use the preferred format.
[fog][DEPRECATION] Unable to load Fog::AWS::EFS
[fog][DEPRECATION] Falling back to deprecated constant Fog::EFS::AWS. The preferred format of service provider constants has changed from service::provider to provider::service. Please update this service provider to use the preferred format.
[fog][DEPRECATION] Unable to load Fog::AWS::ELB
[fog][DEPRECATION] Falling back to deprecated constant Fog::ELB::AWS. The preferred format of service provider constants has changed from service::provider to provider::service. Please update this service provider to use the preferred format.
[fog][DEPRECATION] Unable to load Fog::AWS::EMR
[fog][DEPRECATION] Falling back to deprecated constant Fog::EMR::AWS. The preferred format of service provider constants has changed from service::provider to provider::service. Please update this service provider to use the preferred format.
[fog][DEPRECATION] Unable to load Fog::AWS::Federation
[fog][DEPRECATION] Falling back to deprecated constant Fog::Federation::AWS. The preferred format of service provider constants has changed from service::provider to provider::service. Please update this service provider to use the preferred format.
[fog][DEPRECATION] Unable to load Fog::AWS::Glacier
[fog][DEPRECATION] Falling back to deprecated constant Fog::Glacier::AWS. The preferred format of service provider constants has changed from service::provider to provider::service. Please update this service provider to use the preferred format.
[fog][DEPRECATION] Unable to load Fog::AWS::IAM
[fog][DEPRECATION] Falling back to deprecated constant Fog::IAM::AWS. The preferred format of service provider constants has changed from service::provider to provider::service. Please update this service provider to use the preferred format.
[fog][DEPRECATION] Unable to load Fog::AWS::Kinesis
[fog][DEPRECATION] Falling back to deprecated constant Fog::Kinesis::AWS. The preferred format of service provider constants has changed from service::provider to provider::service. Please update this service provider to use the preferred format.
[fog][DEPRECATION] Unable to load Fog::AWS::KMS
[fog][DEPRECATION] Falling back to deprecated constant Fog::KMS::AWS. The preferred format of service provider constants has changed from service::provider to provider::service. Please update this service provider to use the preferred format.
[fog][DEPRECATION] Unable to load Fog::AWS::Lambda
[fog][DEPRECATION] Falling back to deprecated constant Fog::Lambda::AWS. The preferred format of service provider constants has changed from service::provider to provider::service. Please update this service provider to use the preferred format.
[fog][DEPRECATION] Unable to load Fog::AWS::RDS
[fog][DEPRECATION] Falling back to deprecated constant Fog::RDS::AWS. The preferred format of service provider constants has changed from service::provider to provider::service. Please update this service provider to use the preferred format.
[fog][DEPRECATION] Unable to load Fog::AWS::Redshift
[fog][DEPRECATION] Falling back to deprecated constant Fog::Redshift::AWS. The preferred format of service provider constants has changed from service::provider to provider::service. Please update this service provider to use the preferred format.
[fog][DEPRECATION] Unable to load Fog::AWS::SES
[fog][DEPRECATION] Falling back to deprecated constant Fog::SES::AWS. The preferred format of service provider constants has changed from service::provider to provider::service. Please update this service provider to use the preferred format.
[fog][DEPRECATION] Unable to load Fog::AWS::SimpleDB
[fog][DEPRECATION] Falling back to deprecated constant Fog::SimpleDB::AWS. The preferred format of service provider constants has changed from service::provider to provider::service. Please update this service provider to use the preferred format.
[fog][DEPRECATION] Unable to load Fog::AWS::SNS
[fog][DEPRECATION] Falling back to deprecated constant Fog::SNS::AWS. The preferred format of service provider constants has changed from service::provider to provider::service. Please update this service provider to use the preferred format.
[fog][DEPRECATION] Unable to load Fog::AWS::SQS
[fog][DEPRECATION] Falling back to deprecated constant Fog::SQS::AWS. The preferred format of service provider constants has changed from service::provider to provider::service. Please update this service provider to use the preferred format.
[fog][DEPRECATION] Unable to load Fog::AWS::Storage
[fog][DEPRECATION] Falling back to deprecated constant Fog::Storage::AWS. The preferred format of service provider constants has changed from service::provider to provider::service. Please update this service provider to use the preferred format.
[fog][DEPRECATION] Unable to load Fog::AWS::STS
[fog][DEPRECATION] Falling back to deprecated constant Fog::STS::AWS. The preferred format of service provider constants has changed from service::provider to provider::service. Please update this service provider to use the preferred format.
[fog][DEPRECATION] Unable to load Fog::AWS::Support
[fog][DEPRECATION] Falling back to deprecated constant Fog::Support::AWS. The preferred format of service provider constants has changed from service::provider to provider::service. Please update this service provider to use the preferred format.
Rack::SSL is enabled
== contacts_aspects_blocks batch: harness ready ==
  [contacts_index_default] PCs=0 error=NoMethodError: undefined method `content_type' for nil:NilClass
  [contacts_index_aspect_notfound] PCs=0 error=NoMethodError: undefined method `content_type' for nil:NilClass
  [community_spotlight_default] PCs=0 error=ActiveRecord::StatementInvalid: Could not find table 'roles'
  [aspects_create_default] PCs=0 error=Module::DelegationError: ActionController::Metal#status= delegated to @_response.status=, but @_response is nil: #<
  [aspects_create_save_fail] PCs=0 error=Module::DelegationError: ActionController::Metal#status= delegated to @_response.status=, but @_response is nil: #<
  [aspects_create_with_person] PCs=0 error=Module::DelegationError: ActionController::Metal#status= delegated to @_response.status=, but @_response is nil: #<
  [aspects_show_default] PCs=1 error=Module::DelegationError: ActionController::Metal#status= delegated to @_response.status=, but @_response is nil: #<
  [aspects_update_default] PCs=1 error=NoMethodError: undefined method `reverse_merge!' for nil:NilClass
  [aspects_destroy_default] PCs=2 error=NotImplementedError: SymbolicString#to_s is not supported in the concolic runtime (use .value internally)
  [aspects_update_order_default] PCs=2 error=Module::DelegationError: ActionController::Metal#status= delegated to @_response.status=, but @_response is nil: #<
  [aspects_toggle_default] PCs=2 error=NoMethodError: undefined method `write_from_user' for nil:NilClass
Did you mean?  write_dump
  [aspects_toggle_enabled] PCs=2 error=NoMethodError: undefined method `write_from_user' for nil:NilClass
Did you mean?  write_dump
  [aspect_memberships_create_default] PCs=0 error=NotImplementedError: SymbolicList#first is not supported (contents out of scope). Only #empty?, #any?, #none?, 
  [aspect_memberships_destroy_default] PCs=3 error=Diaspora::NotMine: Diaspora::NotMine
  [aspect_memberships_destroy_noaspect] PCs=2 error=ActiveRecord::RecordNotFound: ActiveRecord::RecordNotFound
  [aspect_memberships_destroy_nomembership] PCs=3 error=Diaspora::NotMine: Diaspora::NotMine
  [blocks_create_default] PCs=0 error=NotImplementedError: SymbolicList#first is not supported (contents out of scope). Only #empty?, #any?, #none?, 
  [blocks_create_save_fail] PCs=0 error=NotImplementedError: SymbolicList#first is not supported (contents out of scope). Only #empty?, #any?, #none?, 
  [blocks_destroy_default] PCs=1 error=NoMethodError: undefined method `[]' for nil:NilClass
  [blocks_destroy_notfound] PCs=1 error=NoMethodError: undefined method `content_type' for nil:NilClass
  [share_visibilities_update_default] PCs=1 error=NoMethodError: undefined method `has_key?' for #<SymbolicString:0xd9c54cd>
  [share_visibilities_update_notfound] PCs=2 error=NoMethodError: undefined method `has_key?' for #<SymbolicString:0xd9c54cd>
== contacts_aspects_blocks batch done ==
