Top level ::CompositeIO is deprecated, require 'multipart/post' and use `Multipart::Post::CompositeReadIO` instead!
Top level ::Parts is deprecated, require 'multipart/post' and use `Multipart::Post::Parts` instead!
/home/dev/.gem/jruby/2.6.0/gems/faraday-0.15.4/lib/faraday/upload_io.rb:65: warning: constant ::UploadIO is deprecated
/home/dev/.gem/jruby/2.6.0/gems/faraday-0.15.4/lib/faraday/upload_io.rb:66: warning: constant ::Parts is deprecated
Ignoring activerecord-jdbc-adapter-52.8-java because its extensions are not built. Try: gem pristine activerecord-jdbc-adapter --version 52.8
[fog][DEPRECATION] Unable to load Fog::AWS::AutoScaling
[fog][DEPRECATION] Falling back to deprecated constant Fog::AutoScaling::AWS. The preferred format of service provider constants has changed from service::provider to provider::service. Please update this service provider to use the preferred format.
[fog][DEPRECATION] Unable to load Fog::AWS::ElasticBeanstalk
[fog][DEPRECATION] Falling back to deprecated constant Fog::ElasticBeanstalk::AWS. The preferred format of service provider constants has changed from service::provider to provider::service. Please update this service provider to use the preferred format.
[fog][DEPRECATION] Unable to load Fog::AWS::CDN
[fog][DEPRECATION] Falling back to deprecated constant Fog::CDN::AWS. The preferred format of service provider constants has changed from service::provider to provider::service. Please update this service provider to use the preferred format.
[fog][DEPRECATION] Unable to load Fog::AWS::CloudFormation
[fog][DEPRECATION] Falling back to deprecated constant Fog::CloudFormation::AWS. The preferred format of service provider constants has changed from service::provider to provider::service. Please update this service provider to use the preferred format.
[fog][DEPRECATION] Unable to load Fog::AWS::CloudWatch
[fog][DEPRECATION] Falling back to deprecated constant Fog::CloudWatch::AWS. The preferred format of service provider constants has changed from service::provider to provider::service. Please update this service provider to use the preferred format.
[fog][DEPRECATION] Unable to load Fog::AWS::Compute
[fog][DEPRECATION] Falling back to deprecated constant Fog::Compute::AWS. The preferred format of service provider constants has changed from service::provider to provider::service. Please update this service provider to use the preferred format.
[fog][DEPRECATION] Unable to load Fog::AWS::DataPipeline
[fog][DEPRECATION] Falling back to deprecated constant Fog::DataPipeline::AWS. The preferred format of service provider constants has changed from service::provider to provider::service. Please update this service provider to use the preferred format.
[fog][DEPRECATION] Unable to load Fog::AWS::DNS
[fog][DEPRECATION] Falling back to deprecated constant Fog::DNS::AWS. The preferred format of service provider constants has changed from service::provider to provider::service. Please update this service provider to use the preferred format.
[fog][DEPRECATION] Unable to load Fog::AWS::DynamoDB
[fog][DEPRECATION] Falling back to deprecated constant Fog::DynamoDB::AWS. The preferred format of service provider constants has changed from service::provider to provider::service. Please update this service provider to use the preferred format.
[fog][DEPRECATION] Unable to load Fog::AWS::Elasticache
[fog][DEPRECATION] Falling back to deprecated constant Fog::Elasticache::AWS. The preferred format of service provider constants has changed from service::provider to provider::service. Please update this service provider to use the preferred format.
[fog][DEPRECATION] Unable to load Fog::AWS::ECS
[fog][DEPRECATION] Falling back to deprecated constant Fog::ECS::AWS. The preferred format of service provider constants has changed from service::provider to provider::service. Please update this service provider to use the preferred format.
[fog][DEPRECATION] Unable to load Fog::AWS::EFS
[fog][DEPRECATION] Falling back to deprecated constant Fog::EFS::AWS. The preferred format of service provider constants has changed from service::provider to provider::service. Please update this service provider to use the preferred format.
[fog][DEPRECATION] Unable to load Fog::AWS::ELB
[fog][DEPRECATION] Falling back to deprecated constant Fog::ELB::AWS. The preferred format of service provider constants has changed from service::provider to provider::service. Please update this service provider to use the preferred format.
[fog][DEPRECATION] Unable to load Fog::AWS::EMR
[fog][DEPRECATION] Falling back to deprecated constant Fog::EMR::AWS. The preferred format of service provider constants has changed from service::provider to provider::service. Please update this service provider to use the preferred format.
[fog][DEPRECATION] Unable to load Fog::AWS::Federation
[fog][DEPRECATION] Falling back to deprecated constant Fog::Federation::AWS. The preferred format of service provider constants has changed from service::provider to provider::service. Please update this service provider to use the preferred format.
[fog][DEPRECATION] Unable to load Fog::AWS::Glacier
[fog][DEPRECATION] Falling back to deprecated constant Fog::Glacier::AWS. The preferred format of service provider constants has changed from service::provider to provider::service. Please update this service provider to use the preferred format.
[fog][DEPRECATION] Unable to load Fog::AWS::IAM
[fog][DEPRECATION] Falling back to deprecated constant Fog::IAM::AWS. The preferred format of service provider constants has changed from service::provider to provider::service. Please update this service provider to use the preferred format.
[fog][DEPRECATION] Unable to load Fog::AWS::Kinesis
[fog][DEPRECATION] Falling back to deprecated constant Fog::Kinesis::AWS. The preferred format of service provider constants has changed from service::provider to provider::service. Please update this service provider to use the preferred format.
[fog][DEPRECATION] Unable to load Fog::AWS::KMS
[fog][DEPRECATION] Falling back to deprecated constant Fog::KMS::AWS. The preferred format of service provider constants has changed from service::provider to provider::service. Please update this service provider to use the preferred format.
[fog][DEPRECATION] Unable to load Fog::AWS::Lambda
[fog][DEPRECATION] Falling back to deprecated constant Fog::Lambda::AWS. The preferred format of service provider constants has changed from service::provider to provider::service. Please update this service provider to use the preferred format.
[fog][DEPRECATION] Unable to load Fog::AWS::RDS
[fog][DEPRECATION] Falling back to deprecated constant Fog::RDS::AWS. The preferred format of service provider constants has changed from service::provider to provider::service. Please update this service provider to use the preferred format.
[fog][DEPRECATION] Unable to load Fog::AWS::Redshift
[fog][DEPRECATION] Falling back to deprecated constant Fog::Redshift::AWS. The preferred format of service provider constants has changed from service::provider to provider::service. Please update this service provider to use the preferred format.
[fog][DEPRECATION] Unable to load Fog::AWS::SES
[fog][DEPRECATION] Falling back to deprecated constant Fog::SES::AWS. The preferred format of service provider constants has changed from service::provider to provider::service. Please update this service provider to use the preferred format.
[fog][DEPRECATION] Unable to load Fog::AWS::SimpleDB
[fog][DEPRECATION] Falling back to deprecated constant Fog::SimpleDB::AWS. The preferred format of service provider constants has changed from service::provider to provider::service. Please update this service provider to use the preferred format.
[fog][DEPRECATION] Unable to load Fog::AWS::SNS
[fog][DEPRECATION] Falling back to deprecated constant Fog::SNS::AWS. The preferred format of service provider constants has changed from service::provider to provider::service. Please update this service provider to use the preferred format.
[fog][DEPRECATION] Unable to load Fog::AWS::SQS
[fog][DEPRECATION] Falling back to deprecated constant Fog::SQS::AWS. The preferred format of service provider constants has changed from service::provider to provider::service. Please update this service provider to use the preferred format.
[fog][DEPRECATION] Unable to load Fog::AWS::Storage
[fog][DEPRECATION] Falling back to deprecated constant Fog::Storage::AWS. The preferred format of service provider constants has changed from service::provider to provider::service. Please update this service provider to use the preferred format.
[fog][DEPRECATION] Unable to load Fog::AWS::STS
[fog][DEPRECATION] Falling back to deprecated constant Fog::STS::AWS. The preferred format of service provider constants has changed from service::provider to provider::service. Please update this service provider to use the preferred format.
[fog][DEPRECATION] Unable to load Fog::AWS::Support
[fog][DEPRECATION] Falling back to deprecated constant Fog::Support::AWS. The preferred format of service provider constants has changed from service::provider to provider::service. Please update this service provider to use the preferred format.
Rack::SSL is enabled
[GATE1B] StreamsController defined; decorating target StreamsController
[am_create] AspectMembershipsTargets installed
[am_create devise] AmDeviseUserNaming installed
== aspect_memberships_create :: prefix-directed DSE (MAX_RUNS=6, TIME_BUDGET=600s) ==
[auth_json_dse0001] paths=1 runs=1 pcs=14 stack=0 
[auth_json_dse0002] paths=2 runs=2 pcs=13 stack=13 
[auth_json_dse0003] paths=3 runs=3 pcs=2 stack=25 
[auth_json_dse0004] paths=4 runs=4 pcs=3 stack=25 
[auth_json_dse0005] paths=5 runs=5 pcs=14 stack=27 
[auth_json_dse0006] paths=6 runs=6 pcs=5 stack=40 
[stop] MAX_RUNS reached

== aspect_memberships_create exploration done ==
  runs executed  : 6
  distinct paths : 6
  worklist empty : false
  elapsed        : 7.3s
  run errors     : {}
  unflippable    : 0 distinct PC shapes
