Top level ::CompositeIO is deprecated, require 'multipart/post' and use `Multipart::Post::CompositeReadIO` instead!
Top level ::Parts is deprecated, require 'multipart/post' and use `Multipart::Post::Parts` instead!
/home/dev/.gem/jruby/2.6.0/gems/faraday-0.15.4/lib/faraday/upload_io.rb:65: warning: constant ::UploadIO is deprecated
/home/dev/.gem/jruby/2.6.0/gems/faraday-0.15.4/lib/faraday/upload_io.rb:66: warning: constant ::Parts is deprecated
Ignoring activerecord-jdbc-adapter-52.8-java because its extensions are not built. Try: gem pristine activerecord-jdbc-adapter --version 52.8
[fog][DEPRECATION] Unable to load Fog::AWS::AutoScaling
[fog][DEPRECATION] Falling back to deprecated constant Fog::AutoScaling::AWS. The preferred format of service provider constants has changed from service::provider to provider::service. Please update this service provider to use the preferred format.
[fog][DEPRECATION] Unable to load Fog::AWS::ElasticBeanstalk
[fog][DEPRECATION] Falling back to deprecated constant Fog::ElasticBeanstalk::AWS. The preferred format of service provider constants has changed from service::provider to provider::service. Please update this service provider to use the preferred format.
[fog][DEPRECATION] Unable to load Fog::AWS::CDN
[fog][DEPRECATION] Falling back to deprecated constant Fog::CDN::AWS. The preferred format of service provider constants has changed from service::provider to provider::service. Please update this service provider to use the preferred format.
[fog][DEPRECATION] Unable to load Fog::AWS::CloudFormation
[fog][DEPRECATION] Falling back to deprecated constant Fog::CloudFormation::AWS. The preferred format of service provider constants has changed from service::provider to provider::service. Please update this service provider to use the preferred format.
[fog][DEPRECATION] Unable to load Fog::AWS::CloudWatch
[fog][DEPRECATION] Falling back to deprecated constant Fog::CloudWatch::AWS. The preferred format of service provider constants has changed from service::provider to provider::service. Please update this service provider to use the preferred format.
[fog][DEPRECATION] Unable to load Fog::AWS::Compute
[fog][DEPRECATION] Falling back to deprecated constant Fog::Compute::AWS. The preferred format of service provider constants has changed from service::provider to provider::service. Please update this service provider to use the preferred format.
[fog][DEPRECATION] Unable to load Fog::AWS::DataPipeline
[fog][DEPRECATION] Falling back to deprecated constant Fog::DataPipeline::AWS. The preferred format of service provider constants has changed from service::provider to provider::service. Please update this service provider to use the preferred format.
[fog][DEPRECATION] Unable to load Fog::AWS::DNS
[fog][DEPRECATION] Falling back to deprecated constant Fog::DNS::AWS. The preferred format of service provider constants has changed from service::provider to provider::service. Please update this service provider to use the preferred format.
[fog][DEPRECATION] Unable to load Fog::AWS::DynamoDB
[fog][DEPRECATION] Falling back to deprecated constant Fog::DynamoDB::AWS. The preferred format of service provider constants has changed from service::provider to provider::service. Please update this service provider to use the preferred format.
[fog][DEPRECATION] Unable to load Fog::AWS::Elasticache
[fog][DEPRECATION] Falling back to deprecated constant Fog::Elasticache::AWS. The preferred format of service provider constants has changed from service::provider to provider::service. Please update this service provider to use the preferred format.
[fog][DEPRECATION] Unable to load Fog::AWS::ECS
[fog][DEPRECATION] Falling back to deprecated constant Fog::ECS::AWS. The preferred format of service provider constants has changed from service::provider to provider::service. Please update this service provider to use the preferred format.
[fog][DEPRECATION] Unable to load Fog::AWS::EFS
[fog][DEPRECATION] Falling back to deprecated constant Fog::EFS::AWS. The preferred format of service provider constants has changed from service::provider to provider::service. Please update this service provider to use the preferred format.
[fog][DEPRECATION] Unable to load Fog::AWS::ELB
[fog][DEPRECATION] Falling back to deprecated constant Fog::ELB::AWS. The preferred format of service provider constants has changed from service::provider to provider::service. Please update this service provider to use the preferred format.
[fog][DEPRECATION] Unable to load Fog::AWS::EMR
[fog][DEPRECATION] Falling back to deprecated constant Fog::EMR::AWS. The preferred format of service provider constants has changed from service::provider to provider::service. Please update this service provider to use the preferred format.
[fog][DEPRECATION] Unable to load Fog::AWS::Federation
[fog][DEPRECATION] Falling back to deprecated constant Fog::Federation::AWS. The preferred format of service provider constants has changed from service::provider to provider::service. Please update this service provider to use the preferred format.
[fog][DEPRECATION] Unable to load Fog::AWS::Glacier
[fog][DEPRECATION] Falling back to deprecated constant Fog::Glacier::AWS. The preferred format of service provider constants has changed from service::provider to provider::service. Please update this service provider to use the preferred format.
[fog][DEPRECATION] Unable to load Fog::AWS::IAM
[fog][DEPRECATION] Falling back to deprecated constant Fog::IAM::AWS. The preferred format of service provider constants has changed from service::provider to provider::service. Please update this service provider to use the preferred format.
[fog][DEPRECATION] Unable to load Fog::AWS::Kinesis
[fog][DEPRECATION] Falling back to deprecated constant Fog::Kinesis::AWS. The preferred format of service provider constants has changed from service::provider to provider::service. Please update this service provider to use the preferred format.
[fog][DEPRECATION] Unable to load Fog::AWS::KMS
[fog][DEPRECATION] Falling back to deprecated constant Fog::KMS::AWS. The preferred format of service provider constants has changed from service::provider to provider::service. Please update this service provider to use the preferred format.
[fog][DEPRECATION] Unable to load Fog::AWS::Lambda
[fog][DEPRECATION] Falling back to deprecated constant Fog::Lambda::AWS. The preferred format of service provider constants has changed from service::provider to provider::service. Please update this service provider to use the preferred format.
[fog][DEPRECATION] Unable to load Fog::AWS::RDS
[fog][DEPRECATION] Falling back to deprecated constant Fog::RDS::AWS. The preferred format of service provider constants has changed from service::provider to provider::service. Please update this service provider to use the preferred format.
[fog][DEPRECATION] Unable to load Fog::AWS::Redshift
[fog][DEPRECATION] Falling back to deprecated constant Fog::Redshift::AWS. The preferred format of service provider constants has changed from service::provider to provider::service. Please update this service provider to use the preferred format.
[fog][DEPRECATION] Unable to load Fog::AWS::SES
[fog][DEPRECATION] Falling back to deprecated constant Fog::SES::AWS. The preferred format of service provider constants has changed from service::provider to provider::service. Please update this service provider to use the preferred format.
[fog][DEPRECATION] Unable to load Fog::AWS::SimpleDB
[fog][DEPRECATION] Falling back to deprecated constant Fog::SimpleDB::AWS. The preferred format of service provider constants has changed from service::provider to provider::service. Please update this service provider to use the preferred format.
[fog][DEPRECATION] Unable to load Fog::AWS::SNS
[fog][DEPRECATION] Falling back to deprecated constant Fog::SNS::AWS. The preferred format of service provider constants has changed from service::provider to provider::service. Please update this service provider to use the preferred format.
[fog][DEPRECATION] Unable to load Fog::AWS::SQS
[fog][DEPRECATION] Falling back to deprecated constant Fog::SQS::AWS. The preferred format of service provider constants has changed from service::provider to provider::service. Please update this service provider to use the preferred format.
[fog][DEPRECATION] Unable to load Fog::AWS::Storage
[fog][DEPRECATION] Falling back to deprecated constant Fog::Storage::AWS. The preferred format of service provider constants has changed from service::provider to provider::service. Please update this service provider to use the preferred format.
[fog][DEPRECATION] Unable to load Fog::AWS::STS
[fog][DEPRECATION] Falling back to deprecated constant Fog::STS::AWS. The preferred format of service provider constants has changed from service::provider to provider::service. Please update this service provider to use the preferred format.
[fog][DEPRECATION] Unable to load Fog::AWS::Support
[fog][DEPRECATION] Falling back to deprecated constant Fog::Support::AWS. The preferred format of service provider constants has changed from service::provider to provider::service. Please update this service provider to use the preferred format.
Rack::SSL is enabled
== posts batch: harness ready ==
  [posts_show_default] PCs=1 error=NotImplementedError: SymbolicInt#to_i is not supported in the concolic runtime (use .value internally
  [posts_show_notfound] PCs=2 error=NotImplementedError: SymbolicInt#to_i is not supported in the concolic runtime (use .value internally
  [posts_show_public] PCs=1 error=NotImplementedError: SymbolicInt#to_i is not supported in the concolic runtime (use .value internally
  [posts_oembed_default] PCs=1 error=none
  [posts_oembed_notfound] PCs=2 error=none
  [posts_mentionable_default] PCs=0 error=NoMethodError: undefined method `content_type' for nil:NilClass
  [posts_destroy_default] PCs=1 error=NoMethodError: undefined method `[]' for nil:NilClass
  [reshares_create_default] PCs=1 error=NotImplementedError: SymbolicInt#to_i is not supported in the concolic runtime (use .value internally
  [reshares_index_default] PCs=1 error=NoMethodError: undefined method `[]' for nil:NilClass
  [reshares_index_notfound] PCs=2 error=NoMethodError: undefined method `[]' for nil:NilClass
  [status_messages_new_default] PCs=2 error=NoMethodError: undefined method `[]' for nil:NilClass
  [status_messages_new_noperson] PCs=1 error=Module::DelegationError: ActionController::Metal#status= delegated to @_response.status=, but @_response 
  [status_messages_create_default] PCs=0 error=NotImplementedError: SymbolicInt#to_i is not supported in the concolic runtime (use .value internally
  [status_messages_bookmarklet_default] PCs=0 error=NoMethodError: undefined method `[]=' for nil:NilClass
== posts batch done ==
== posts batch: coverage-loop phase 2 ==
  [posts_show_deep] PCs=3 error=NotImplementedError: SymbolicInt#to_i is not supported in the concolic runtime (use .value internally
  [posts_oembed_deep] PCs=3 error=none
  [reshares_index_deep] PCs=3 error=NoMethodError: undefined method `[]' for nil:NilClass
  [posts_destroy_notfound] PCs=2 error=NoMethodError: undefined method `[]' for nil:NilClass
  [reshares_create_notfound] PCs=2 error=NotImplementedError: SymbolicInt#to_i is not supported in the concolic runtime (use .value internally
  [status_messages_new_nofindby] PCs=2 error=none
== posts batch: coverage-loop phase 3 (deepest leaves) ==
  [posts_show_maxdepth] PCs=3 error=ActiveRecord::RecordNotFound: could not find a post with id 1 for user 1
  [posts_oembed_maxdepth] PCs=3 error=NoMethodError: undefined method `to_hash' for nil:NilClass
  [reshares_index_maxdepth] PCs=3 error=ActiveRecord::RecordNotFound: could not find a post with id 1 for user 1
  [posts_destroy_maxdepth] PCs=3 error=NoMethodError: undefined method `[]' for nil:NilClass
  [reshares_create_maxdepth] PCs=3 error=NotImplementedError: SymbolicInt#to_i is not supported in the concolic runtime (use .value internally
== posts batch phase 3 done ==
