[watchdog 2026-08-07T10:08:23Z loop 1]
  DONE: posts comments photos contacts_aspects_blocks conversations likes
  MISSING: notifications_tags oidc_federation_nodeinfo search_links_reports_profiles services_admin users_sessions people streams
  STALLED(no progress 5min): notifications_tags oidc_federation_nodeinfo search_links_reports_profiles services_admin users_sessions people streams
[watchdog 2026-08-07T10:13:23Z loop 2]
  DONE: posts comments photos contacts_aspects_blocks conversations likes
  MISSING: notifications_tags oidc_federation_nodeinfo search_links_reports_profiles services_admin users_sessions people streams
  STALLED(no progress 5min): notifications_tags oidc_federation_nodeinfo search_links_reports_profiles services_admin users_sessions people streams
[watchdog 2026-08-07T10:18:23Z loop 3]
  DONE: posts comments photos contacts_aspects_blocks conversations likes
  MISSING: notifications_tags oidc_federation_nodeinfo search_links_reports_profiles services_admin users_sessions people streams
  STALLED(no progress 5min): notifications_tags oidc_federation_nodeinfo search_links_reports_profiles services_admin users_sessions streams
[watchdog 2026-08-07T10:23:23Z loop 4]
  DONE: posts comments photos contacts_aspects_blocks conversations likes
  MISSING: notifications_tags oidc_federation_nodeinfo search_links_reports_profiles services_admin users_sessions people streams
  STALLED(no progress 5min): notifications_tags oidc_federation_nodeinfo search_links_reports_profiles services_admin users_sessions people streams
[watchdog 2026-08-07T10:28:23Z loop 5]
  DONE: posts comments photos contacts_aspects_blocks conversations likes
  MISSING: notifications_tags oidc_federation_nodeinfo search_links_reports_profiles services_admin users_sessions people streams
  STALLED(no progress 5min): notifications_tags oidc_federation_nodeinfo search_links_reports_profiles services_admin users_sessions streams
[watchdog 2026-08-07T10:33:23Z loop 6]
  DONE: posts comments photos contacts_aspects_blocks conversations likes
  MISSING: notifications_tags oidc_federation_nodeinfo search_links_reports_profiles services_admin users_sessions people streams
  STALLED(no progress 5min): notifications_tags oidc_federation_nodeinfo search_links_reports_profiles services_admin users_sessions streams
[watchdog 2026-08-07T10:38:23Z loop 7]
  DONE: posts comments photos contacts_aspects_blocks conversations likes people
  MISSING: notifications_tags oidc_federation_nodeinfo search_links_reports_profiles services_admin users_sessions streams
  STALLED(no progress 5min): notifications_tags oidc_federation_nodeinfo search_links_reports_profiles services_admin users_sessions streams
[watchdog 2026-08-07T10:43:23Z loop 8]
  DONE: posts comments photos contacts_aspects_blocks conversations likes people
  MISSING: notifications_tags oidc_federation_nodeinfo search_links_reports_profiles services_admin users_sessions streams
  STALLED(no progress 5min): notifications_tags oidc_federation_nodeinfo search_links_reports_profiles services_admin users_sessions streams
[watchdog 2026-08-07T10:48:24Z loop 9]
  DONE: posts comments photos contacts_aspects_blocks conversations likes people
  MISSING: notifications_tags oidc_federation_nodeinfo search_links_reports_profiles services_admin users_sessions streams
  STALLED(no progress 5min): notifications_tags oidc_federation_nodeinfo search_links_reports_profiles services_admin users_sessions streams
[watchdog 2026-08-07T10:53:24Z loop 10]
  DONE: posts comments photos contacts_aspects_blocks conversations likes people
  MISSING: notifications_tags oidc_federation_nodeinfo search_links_reports_profiles services_admin users_sessions streams
  STALLED(no progress 5min): notifications_tags oidc_federation_nodeinfo search_links_reports_profiles services_admin users_sessions streams
[watchdog 2026-08-07T10:58:24Z loop 11]
  DONE: posts comments photos contacts_aspects_blocks conversations likes people
  MISSING: notifications_tags oidc_federation_nodeinfo search_links_reports_profiles services_admin users_sessions streams
  STALLED(no progress 5min): notifications_tags oidc_federation_nodeinfo search_links_reports_profiles services_admin users_sessions streams
[watchdog 2026-08-07T11:03:24Z loop 12]
  DONE: posts comments photos contacts_aspects_blocks conversations likes people
  MISSING: notifications_tags oidc_federation_nodeinfo search_links_reports_profiles services_admin users_sessions streams
  STALLED(no progress 5min): notifications_tags oidc_federation_nodeinfo search_links_reports_profiles services_admin users_sessions streams
[watchdog 2026-08-07T11:08:24Z loop 13]
  DONE: posts comments photos contacts_aspects_blocks conversations likes people
  MISSING: notifications_tags oidc_federation_nodeinfo search_links_reports_profiles services_admin users_sessions streams
  STALLED(no progress 5min): notifications_tags oidc_federation_nodeinfo search_links_reports_profiles services_admin users_sessions streams
[watchdog 2026-08-07T11:13:24Z loop 14]
  DONE: posts comments photos contacts_aspects_blocks conversations likes people
  MISSING: notifications_tags oidc_federation_nodeinfo search_links_reports_profiles services_admin users_sessions streams
  STALLED(no progress 5min): notifications_tags oidc_federation_nodeinfo search_links_reports_profiles services_admin users_sessions streams
[watchdog 2026-08-07T11:18:24Z loop 15]
  DONE: posts comments photos contacts_aspects_blocks conversations likes people
  MISSING: notifications_tags oidc_federation_nodeinfo search_links_reports_profiles services_admin users_sessions streams
  STALLED(no progress 5min): notifications_tags oidc_federation_nodeinfo search_links_reports_profiles services_admin users_sessions streams
[watchdog 2026-08-07T11:23:24Z loop 16]
  DONE: posts comments photos contacts_aspects_blocks conversations likes people
  MISSING: notifications_tags oidc_federation_nodeinfo search_links_reports_profiles services_admin users_sessions streams
  STALLED(no progress 5min): notifications_tags oidc_federation_nodeinfo search_links_reports_profiles services_admin users_sessions streams
[watchdog 2026-08-07T11:28:24Z loop 17]
  DONE: posts comments photos contacts_aspects_blocks conversations likes people
  MISSING: notifications_tags oidc_federation_nodeinfo search_links_reports_profiles services_admin users_sessions streams
  STALLED(no progress 5min): notifications_tags oidc_federation_nodeinfo search_links_reports_profiles services_admin users_sessions streams
[watchdog 2026-08-07T11:33:24Z loop 18]
  DONE: posts comments photos contacts_aspects_blocks conversations likes people
  MISSING: notifications_tags oidc_federation_nodeinfo search_links_reports_profiles services_admin users_sessions streams
  STALLED(no progress 5min): notifications_tags oidc_federation_nodeinfo search_links_reports_profiles services_admin users_sessions streams
[watchdog 2026-08-07T11:38:24Z loop 19]
  DONE: posts comments photos contacts_aspects_blocks conversations likes people
  MISSING: notifications_tags oidc_federation_nodeinfo search_links_reports_profiles services_admin users_sessions streams
  STALLED(no progress 5min): notifications_tags oidc_federation_nodeinfo search_links_reports_profiles services_admin users_sessions streams
[watchdog 2026-08-07T11:43:24Z loop 20]
  DONE: posts comments photos contacts_aspects_blocks conversations likes people
  MISSING: notifications_tags oidc_federation_nodeinfo search_links_reports_profiles services_admin users_sessions streams
  STALLED(no progress 5min): notifications_tags oidc_federation_nodeinfo search_links_reports_profiles services_admin users_sessions streams
[watchdog 2026-08-07T11:48:24Z loop 21]
  DONE: posts comments photos contacts_aspects_blocks conversations likes people
  MISSING: notifications_tags oidc_federation_nodeinfo search_links_reports_profiles services_admin users_sessions streams
  STALLED(no progress 5min): notifications_tags oidc_federation_nodeinfo search_links_reports_profiles services_admin users_sessions streams
[watchdog 2026-08-07T11:53:24Z loop 22]
  DONE: posts comments photos contacts_aspects_blocks conversations likes people
  MISSING: notifications_tags oidc_federation_nodeinfo search_links_reports_profiles services_admin users_sessions streams
  STALLED(no progress 5min): notifications_tags oidc_federation_nodeinfo search_links_reports_profiles services_admin users_sessions streams
[watchdog 2026-08-07T11:58:24Z loop 23]
  DONE: posts comments photos contacts_aspects_blocks conversations likes people
  MISSING: notifications_tags oidc_federation_nodeinfo search_links_reports_profiles services_admin users_sessions streams
  STALLED(no progress 5min): notifications_tags oidc_federation_nodeinfo search_links_reports_profiles services_admin users_sessions streams
[watchdog 2026-08-07T12:03:25Z loop 24]
  DONE: posts comments photos contacts_aspects_blocks conversations likes people
  MISSING: notifications_tags oidc_federation_nodeinfo search_links_reports_profiles services_admin users_sessions streams
  STALLED(no progress 5min): notifications_tags oidc_federation_nodeinfo search_links_reports_profiles services_admin users_sessions streams
[watchdog 2026-08-07T12:08:25Z loop 25]
  DONE: posts comments photos contacts_aspects_blocks conversations likes people
  MISSING: notifications_tags oidc_federation_nodeinfo search_links_reports_profiles services_admin users_sessions streams
  STALLED(no progress 5min): notifications_tags oidc_federation_nodeinfo search_links_reports_profiles services_admin users_sessions streams
[watchdog 2026-08-07T12:13:25Z loop 26]
  DONE: posts comments photos contacts_aspects_blocks conversations likes people
  MISSING: notifications_tags oidc_federation_nodeinfo search_links_reports_profiles services_admin users_sessions streams
  STALLED(no progress 5min): notifications_tags oidc_federation_nodeinfo search_links_reports_profiles services_admin users_sessions streams
[watchdog 2026-08-07T12:18:25Z loop 27]
  DONE: posts comments photos contacts_aspects_blocks conversations likes people
  MISSING: notifications_tags oidc_federation_nodeinfo search_links_reports_profiles services_admin users_sessions streams
  STALLED(no progress 5min): notifications_tags oidc_federation_nodeinfo search_links_reports_profiles services_admin users_sessions streams
[watchdog 2026-08-07T12:23:25Z loop 28]
  DONE: posts comments photos contacts_aspects_blocks conversations likes people
  MISSING: notifications_tags oidc_federation_nodeinfo search_links_reports_profiles services_admin users_sessions streams
  STALLED(no progress 5min): notifications_tags oidc_federation_nodeinfo search_links_reports_profiles services_admin users_sessions streams
[watchdog 2026-08-07T12:28:25Z loop 29]
  DONE: posts comments photos contacts_aspects_blocks conversations likes people
  MISSING: notifications_tags oidc_federation_nodeinfo search_links_reports_profiles services_admin users_sessions streams
  STALLED(no progress 5min): notifications_tags oidc_federation_nodeinfo search_links_reports_profiles services_admin users_sessions streams
[watchdog 2026-08-07T12:33:25Z loop 30]
  DONE: posts comments photos contacts_aspects_blocks conversations likes people
  MISSING: notifications_tags oidc_federation_nodeinfo search_links_reports_profiles services_admin users_sessions streams
  STALLED(no progress 5min): notifications_tags oidc_federation_nodeinfo search_links_reports_profiles services_admin users_sessions streams
[watchdog 2026-08-07T12:38:25Z loop 31]
  DONE: posts comments photos contacts_aspects_blocks conversations likes people
  MISSING: notifications_tags oidc_federation_nodeinfo search_links_reports_profiles services_admin users_sessions streams
  STALLED(no progress 5min): notifications_tags oidc_federation_nodeinfo search_links_reports_profiles services_admin users_sessions streams
[watchdog 2026-08-07T12:43:25Z loop 32]
  DONE: posts comments photos contacts_aspects_blocks conversations likes people
  MISSING: notifications_tags oidc_federation_nodeinfo search_links_reports_profiles services_admin users_sessions streams
  STALLED(no progress 5min): notifications_tags oidc_federation_nodeinfo search_links_reports_profiles services_admin users_sessions streams
[watchdog 2026-08-07T12:48:25Z loop 33]
  DONE: posts comments photos contacts_aspects_blocks conversations likes people
  MISSING: notifications_tags oidc_federation_nodeinfo search_links_reports_profiles services_admin users_sessions streams
  STALLED(no progress 5min): notifications_tags oidc_federation_nodeinfo search_links_reports_profiles services_admin users_sessions streams
[watchdog 2026-08-07T12:53:25Z loop 34]
  DONE: posts comments photos contacts_aspects_blocks conversations likes people
  MISSING: notifications_tags oidc_federation_nodeinfo search_links_reports_profiles services_admin users_sessions streams
  STALLED(no progress 5min): notifications_tags oidc_federation_nodeinfo search_links_reports_profiles services_admin users_sessions streams
[watchdog 2026-08-07T12:58:25Z loop 35]
  DONE: posts comments photos contacts_aspects_blocks conversations likes people
  MISSING: notifications_tags oidc_federation_nodeinfo search_links_reports_profiles services_admin users_sessions streams
  STALLED(no progress 5min): notifications_tags oidc_federation_nodeinfo search_links_reports_profiles services_admin users_sessions streams
[watchdog 2026-08-07T13:03:25Z loop 36]
  DONE: posts comments photos contacts_aspects_blocks conversations likes people
  MISSING: notifications_tags oidc_federation_nodeinfo search_links_reports_profiles services_admin users_sessions streams
  STALLED(no progress 5min): notifications_tags oidc_federation_nodeinfo search_links_reports_profiles services_admin users_sessions streams
[watchdog 2026-08-07T13:08:25Z loop 37]
  DONE: posts comments photos contacts_aspects_blocks conversations likes people
  MISSING: notifications_tags oidc_federation_nodeinfo search_links_reports_profiles services_admin users_sessions streams
  STALLED(no progress 5min): notifications_tags oidc_federation_nodeinfo search_links_reports_profiles services_admin users_sessions streams
[watchdog 2026-08-07T13:13:25Z loop 38]
  DONE: posts comments photos contacts_aspects_blocks conversations likes people
  MISSING: notifications_tags oidc_federation_nodeinfo search_links_reports_profiles services_admin users_sessions streams
  STALLED(no progress 5min): notifications_tags oidc_federation_nodeinfo search_links_reports_profiles services_admin users_sessions streams
[watchdog 2026-08-07T13:18:26Z loop 39]
  DONE: posts comments photos contacts_aspects_blocks conversations likes people
  MISSING: notifications_tags oidc_federation_nodeinfo search_links_reports_profiles services_admin users_sessions streams
  STALLED(no progress 5min): notifications_tags oidc_federation_nodeinfo search_links_reports_profiles services_admin users_sessions streams
[watchdog 2026-08-07T13:23:26Z loop 40]
  DONE: posts comments photos contacts_aspects_blocks conversations likes people
  MISSING: notifications_tags oidc_federation_nodeinfo search_links_reports_profiles services_admin users_sessions streams
  STALLED(no progress 5min): notifications_tags oidc_federation_nodeinfo search_links_reports_profiles services_admin users_sessions streams
[watchdog 2026-08-07T13:28:26Z loop 41]
  DONE: posts comments photos contacts_aspects_blocks conversations likes people
  MISSING: notifications_tags oidc_federation_nodeinfo search_links_reports_profiles services_admin users_sessions streams
  STALLED(no progress 5min): notifications_tags oidc_federation_nodeinfo search_links_reports_profiles services_admin users_sessions streams
[watchdog 2026-08-07T13:33:26Z loop 42]
  DONE: posts comments photos contacts_aspects_blocks conversations likes people
  MISSING: notifications_tags oidc_federation_nodeinfo search_links_reports_profiles services_admin users_sessions streams
  STALLED(no progress 5min): notifications_tags oidc_federation_nodeinfo search_links_reports_profiles services_admin users_sessions streams
[watchdog 2026-08-07T13:38:26Z loop 43]
  DONE: posts comments photos contacts_aspects_blocks conversations likes people
  MISSING: notifications_tags oidc_federation_nodeinfo search_links_reports_profiles services_admin users_sessions streams
  STALLED(no progress 5min): notifications_tags oidc_federation_nodeinfo search_links_reports_profiles services_admin users_sessions streams
[watchdog 2026-08-07T13:43:26Z loop 44]
  DONE: posts comments photos contacts_aspects_blocks conversations likes people
  MISSING: notifications_tags oidc_federation_nodeinfo search_links_reports_profiles services_admin users_sessions streams
  STALLED(no progress 5min): notifications_tags oidc_federation_nodeinfo search_links_reports_profiles services_admin users_sessions streams
[watchdog 2026-08-07T13:48:26Z loop 45]
  DONE: posts comments photos contacts_aspects_blocks conversations likes people
  MISSING: notifications_tags oidc_federation_nodeinfo search_links_reports_profiles services_admin users_sessions streams
  STALLED(no progress 5min): notifications_tags oidc_federation_nodeinfo search_links_reports_profiles services_admin users_sessions streams
[watchdog 2026-08-07T13:53:26Z loop 46]
  DONE: posts comments photos contacts_aspects_blocks conversations likes people
  MISSING: notifications_tags oidc_federation_nodeinfo search_links_reports_profiles services_admin users_sessions streams
  STALLED(no progress 5min): notifications_tags oidc_federation_nodeinfo search_links_reports_profiles services_admin users_sessions streams
[watchdog 2026-08-07T13:58:26Z loop 47]
  DONE: posts comments photos contacts_aspects_blocks conversations likes people
  MISSING: notifications_tags oidc_federation_nodeinfo search_links_reports_profiles services_admin users_sessions streams
  STALLED(no progress 5min): notifications_tags oidc_federation_nodeinfo search_links_reports_profiles services_admin users_sessions streams
[watchdog 2026-08-07T14:03:26Z loop 48]
  DONE: posts comments photos contacts_aspects_blocks conversations likes people
  MISSING: notifications_tags oidc_federation_nodeinfo search_links_reports_profiles services_admin users_sessions streams
  STALLED(no progress 5min): notifications_tags oidc_federation_nodeinfo search_links_reports_profiles services_admin users_sessions streams
[watchdog 2026-08-07T14:08:26Z loop 49]
  DONE: posts comments photos contacts_aspects_blocks conversations likes people
  MISSING: notifications_tags oidc_federation_nodeinfo search_links_reports_profiles services_admin users_sessions streams
  STALLED(no progress 5min): notifications_tags oidc_federation_nodeinfo search_links_reports_profiles services_admin users_sessions streams
[watchdog 2026-08-07T14:13:26Z loop 50]
  DONE: posts comments photos contacts_aspects_blocks conversations likes people
  MISSING: notifications_tags oidc_federation_nodeinfo search_links_reports_profiles services_admin users_sessions streams
  STALLED(no progress 5min): notifications_tags oidc_federation_nodeinfo search_links_reports_profiles services_admin users_sessions streams
[watchdog 2026-08-07T14:18:26Z loop 51]
  DONE: posts comments photos contacts_aspects_blocks conversations likes people
  MISSING: notifications_tags oidc_federation_nodeinfo search_links_reports_profiles services_admin users_sessions streams
  STALLED(no progress 5min): notifications_tags oidc_federation_nodeinfo search_links_reports_profiles services_admin users_sessions streams
[watchdog 2026-08-07T14:23:26Z loop 52]
  DONE: posts comments photos contacts_aspects_blocks conversations likes people
  MISSING: notifications_tags oidc_federation_nodeinfo search_links_reports_profiles services_admin users_sessions streams
  STALLED(no progress 5min): notifications_tags oidc_federation_nodeinfo search_links_reports_profiles services_admin users_sessions streams
[watchdog 2026-08-07T14:28:26Z loop 53]
  DONE: posts comments photos contacts_aspects_blocks conversations likes people
  MISSING: notifications_tags oidc_federation_nodeinfo search_links_reports_profiles services_admin users_sessions streams
  STALLED(no progress 5min): notifications_tags oidc_federation_nodeinfo search_links_reports_profiles services_admin users_sessions streams
[watchdog 2026-08-07T14:33:26Z loop 54]
  DONE: posts comments photos contacts_aspects_blocks conversations likes people
  MISSING: notifications_tags oidc_federation_nodeinfo search_links_reports_profiles services_admin users_sessions streams
  STALLED(no progress 5min): notifications_tags oidc_federation_nodeinfo search_links_reports_profiles services_admin users_sessions streams
[watchdog 2026-08-07T14:38:27Z loop 55]
  DONE: posts comments photos contacts_aspects_blocks conversations likes people
  MISSING: notifications_tags oidc_federation_nodeinfo search_links_reports_profiles services_admin users_sessions streams
  STALLED(no progress 5min): notifications_tags oidc_federation_nodeinfo search_links_reports_profiles services_admin users_sessions streams
[watchdog 2026-08-07T14:43:27Z loop 56]
  DONE: posts comments photos contacts_aspects_blocks conversations likes people
  MISSING: notifications_tags oidc_federation_nodeinfo search_links_reports_profiles services_admin users_sessions streams
  STALLED(no progress 5min): notifications_tags oidc_federation_nodeinfo search_links_reports_profiles services_admin users_sessions streams
[watchdog 2026-08-07T14:48:27Z loop 57]
  DONE: posts comments photos contacts_aspects_blocks conversations likes people
  MISSING: notifications_tags oidc_federation_nodeinfo search_links_reports_profiles services_admin users_sessions streams
  STALLED(no progress 5min): notifications_tags oidc_federation_nodeinfo search_links_reports_profiles services_admin users_sessions streams
[watchdog 2026-08-07T14:53:27Z loop 58]
  DONE: posts comments photos contacts_aspects_blocks conversations likes people
  MISSING: notifications_tags oidc_federation_nodeinfo search_links_reports_profiles services_admin users_sessions streams
  STALLED(no progress 5min): notifications_tags oidc_federation_nodeinfo search_links_reports_profiles services_admin users_sessions streams
[watchdog 2026-08-07T14:58:27Z loop 59]
  DONE: posts comments photos contacts_aspects_blocks conversations likes people
  MISSING: notifications_tags oidc_federation_nodeinfo search_links_reports_profiles services_admin users_sessions streams
  STALLED(no progress 5min): notifications_tags oidc_federation_nodeinfo search_links_reports_profiles services_admin users_sessions streams
[watchdog 2026-08-07T15:03:27Z loop 60]
  DONE: posts comments photos contacts_aspects_blocks conversations likes people
  MISSING: notifications_tags oidc_federation_nodeinfo search_links_reports_profiles services_admin users_sessions streams
  STALLED(no progress 5min): notifications_tags oidc_federation_nodeinfo search_links_reports_profiles services_admin users_sessions streams
[watchdog 2026-08-07T15:08:27Z loop 61]
  DONE: posts comments photos contacts_aspects_blocks conversations likes people
  MISSING: notifications_tags oidc_federation_nodeinfo search_links_reports_profiles services_admin users_sessions streams
  STALLED(no progress 5min): notifications_tags oidc_federation_nodeinfo search_links_reports_profiles services_admin users_sessions streams
[watchdog 2026-08-07T15:13:27Z loop 62]
  DONE: posts comments photos contacts_aspects_blocks conversations likes people
  MISSING: notifications_tags oidc_federation_nodeinfo search_links_reports_profiles services_admin users_sessions streams
  STALLED(no progress 5min): notifications_tags oidc_federation_nodeinfo search_links_reports_profiles services_admin users_sessions streams
[watchdog 2026-08-07T15:18:27Z loop 63]
  DONE: posts comments photos contacts_aspects_blocks conversations likes people
  MISSING: notifications_tags oidc_federation_nodeinfo search_links_reports_profiles services_admin users_sessions streams
  STALLED(no progress 5min): notifications_tags oidc_federation_nodeinfo search_links_reports_profiles services_admin users_sessions streams
[watchdog 2026-08-07T15:23:27Z loop 64]
  DONE: posts comments photos contacts_aspects_blocks conversations likes people
  MISSING: notifications_tags oidc_federation_nodeinfo search_links_reports_profiles services_admin users_sessions streams
  STALLED(no progress 5min): notifications_tags oidc_federation_nodeinfo search_links_reports_profiles services_admin users_sessions streams
[watchdog 2026-08-07T15:28:27Z loop 65]
  DONE: posts comments photos contacts_aspects_blocks conversations likes people
  MISSING: notifications_tags oidc_federation_nodeinfo search_links_reports_profiles services_admin users_sessions streams
  STALLED(no progress 5min): notifications_tags oidc_federation_nodeinfo search_links_reports_profiles services_admin users_sessions streams
[watchdog 2026-08-07T15:33:27Z loop 66]
  DONE: posts comments photos contacts_aspects_blocks conversations likes people
  MISSING: notifications_tags oidc_federation_nodeinfo search_links_reports_profiles services_admin users_sessions streams
  STALLED(no progress 5min): notifications_tags oidc_federation_nodeinfo search_links_reports_profiles services_admin users_sessions streams
[watchdog 2026-08-07T15:38:27Z loop 67]
  DONE: posts comments photos contacts_aspects_blocks conversations likes people
  MISSING: notifications_tags oidc_federation_nodeinfo search_links_reports_profiles services_admin users_sessions streams
  STALLED(no progress 5min): notifications_tags oidc_federation_nodeinfo search_links_reports_profiles services_admin users_sessions streams
[watchdog 2026-08-07T15:43:27Z loop 68]
  DONE: posts comments photos contacts_aspects_blocks conversations likes people
  MISSING: notifications_tags oidc_federation_nodeinfo search_links_reports_profiles services_admin users_sessions streams
  STALLED(no progress 5min): notifications_tags oidc_federation_nodeinfo search_links_reports_profiles services_admin users_sessions streams
[watchdog 2026-08-07T15:48:27Z loop 69]
  DONE: posts comments photos contacts_aspects_blocks conversations likes people
  MISSING: notifications_tags oidc_federation_nodeinfo search_links_reports_profiles services_admin users_sessions streams
  STALLED(no progress 5min): notifications_tags oidc_federation_nodeinfo search_links_reports_profiles services_admin users_sessions streams
[watchdog 2026-08-07T15:53:28Z loop 70]
  DONE: posts comments photos contacts_aspects_blocks conversations likes people
  MISSING: notifications_tags oidc_federation_nodeinfo search_links_reports_profiles services_admin users_sessions streams
  STALLED(no progress 5min): notifications_tags oidc_federation_nodeinfo search_links_reports_profiles services_admin users_sessions streams
[watchdog 2026-08-07T15:58:28Z loop 71]
  DONE: posts comments photos contacts_aspects_blocks conversations likes people
  MISSING: notifications_tags oidc_federation_nodeinfo search_links_reports_profiles services_admin users_sessions streams
  STALLED(no progress 5min): notifications_tags oidc_federation_nodeinfo search_links_reports_profiles services_admin users_sessions streams
[watchdog 2026-08-07T16:03:28Z loop 72]
  DONE: posts comments photos contacts_aspects_blocks conversations likes people
  MISSING: notifications_tags oidc_federation_nodeinfo search_links_reports_profiles services_admin users_sessions streams
  STALLED(no progress 5min): notifications_tags oidc_federation_nodeinfo search_links_reports_profiles services_admin users_sessions streams
[watchdog 2026-08-07T16:08:28Z loop 73]
  DONE: posts comments photos contacts_aspects_blocks conversations likes people
  MISSING: notifications_tags oidc_federation_nodeinfo search_links_reports_profiles services_admin users_sessions streams
  STALLED(no progress 5min): notifications_tags oidc_federation_nodeinfo search_links_reports_profiles services_admin users_sessions streams
[watchdog 2026-08-07T16:13:28Z loop 74]
  DONE: posts comments photos contacts_aspects_blocks conversations likes people
  MISSING: notifications_tags oidc_federation_nodeinfo search_links_reports_profiles services_admin users_sessions streams
  STALLED(no progress 5min): notifications_tags oidc_federation_nodeinfo search_links_reports_profiles services_admin users_sessions streams
[watchdog 2026-08-07T16:18:28Z loop 75]
  DONE: posts comments photos contacts_aspects_blocks conversations likes people
  MISSING: notifications_tags oidc_federation_nodeinfo search_links_reports_profiles services_admin users_sessions streams
  STALLED(no progress 5min): notifications_tags oidc_federation_nodeinfo search_links_reports_profiles services_admin users_sessions streams
[watchdog 2026-08-07T16:23:28Z loop 76]
  DONE: posts comments photos contacts_aspects_blocks conversations likes people
  MISSING: notifications_tags oidc_federation_nodeinfo search_links_reports_profiles services_admin users_sessions streams
  STALLED(no progress 5min): notifications_tags oidc_federation_nodeinfo search_links_reports_profiles services_admin users_sessions streams
[watchdog 2026-08-07T16:28:28Z loop 77]
  DONE: posts comments photos contacts_aspects_blocks conversations likes people
  MISSING: notifications_tags oidc_federation_nodeinfo search_links_reports_profiles services_admin users_sessions streams
  STALLED(no progress 5min): notifications_tags oidc_federation_nodeinfo search_links_reports_profiles services_admin users_sessions streams
[watchdog 2026-08-07T16:33:28Z loop 78]
  DONE: posts comments photos contacts_aspects_blocks conversations likes people
  MISSING: notifications_tags oidc_federation_nodeinfo search_links_reports_profiles services_admin users_sessions streams
  STALLED(no progress 5min): notifications_tags oidc_federation_nodeinfo search_links_reports_profiles services_admin users_sessions streams
[watchdog 2026-08-07T16:38:28Z loop 79]
  DONE: posts comments photos contacts_aspects_blocks conversations likes people
  MISSING: notifications_tags oidc_federation_nodeinfo search_links_reports_profiles services_admin users_sessions streams
  STALLED(no progress 5min): notifications_tags oidc_federation_nodeinfo search_links_reports_profiles services_admin users_sessions streams
[watchdog 2026-08-07T16:43:28Z loop 80]
  DONE: posts comments photos contacts_aspects_blocks conversations likes people
  MISSING: notifications_tags oidc_federation_nodeinfo search_links_reports_profiles services_admin users_sessions streams
  STALLED(no progress 5min): notifications_tags oidc_federation_nodeinfo search_links_reports_profiles services_admin users_sessions streams
[watchdog 2026-08-07T16:48:28Z loop 81]
  DONE: posts comments photos contacts_aspects_blocks conversations likes people
  MISSING: notifications_tags oidc_federation_nodeinfo search_links_reports_profiles services_admin users_sessions streams
  STALLED(no progress 5min): notifications_tags oidc_federation_nodeinfo search_links_reports_profiles services_admin users_sessions streams
[watchdog 2026-08-07T16:53:28Z loop 82]
  DONE: posts comments photos contacts_aspects_blocks conversations likes people
  MISSING: notifications_tags oidc_federation_nodeinfo search_links_reports_profiles services_admin users_sessions streams
  STALLED(no progress 5min): notifications_tags oidc_federation_nodeinfo search_links_reports_profiles services_admin users_sessions streams
[watchdog 2026-08-07T16:58:28Z loop 83]
  DONE: posts comments photos contacts_aspects_blocks conversations likes people
  MISSING: notifications_tags oidc_federation_nodeinfo search_links_reports_profiles services_admin users_sessions streams
  STALLED(no progress 5min): notifications_tags oidc_federation_nodeinfo search_links_reports_profiles services_admin users_sessions streams
[watchdog 2026-08-07T17:03:28Z loop 84]
  DONE: posts comments photos contacts_aspects_blocks conversations likes people
  MISSING: notifications_tags oidc_federation_nodeinfo search_links_reports_profiles services_admin users_sessions streams
  STALLED(no progress 5min): notifications_tags oidc_federation_nodeinfo search_links_reports_profiles services_admin users_sessions streams
[watchdog 2026-08-07T17:08:29Z loop 85]
  DONE: posts comments photos contacts_aspects_blocks conversations likes people
  MISSING: notifications_tags oidc_federation_nodeinfo search_links_reports_profiles services_admin users_sessions streams
  STALLED(no progress 5min): notifications_tags oidc_federation_nodeinfo search_links_reports_profiles services_admin users_sessions streams
[watchdog 2026-08-07T17:13:29Z loop 86]
  DONE: posts comments photos contacts_aspects_blocks conversations likes people
  MISSING: notifications_tags oidc_federation_nodeinfo search_links_reports_profiles services_admin users_sessions streams
  STALLED(no progress 5min): notifications_tags oidc_federation_nodeinfo search_links_reports_profiles services_admin users_sessions streams
[watchdog 2026-08-07T17:18:29Z loop 87]
  DONE: posts comments photos contacts_aspects_blocks conversations likes people
  MISSING: notifications_tags oidc_federation_nodeinfo search_links_reports_profiles services_admin users_sessions streams
  STALLED(no progress 5min): notifications_tags oidc_federation_nodeinfo search_links_reports_profiles services_admin users_sessions streams
[watchdog 2026-08-07T17:23:29Z loop 88]
  DONE: posts comments photos contacts_aspects_blocks conversations likes people
  MISSING: notifications_tags oidc_federation_nodeinfo search_links_reports_profiles services_admin users_sessions streams
  STALLED(no progress 5min): notifications_tags oidc_federation_nodeinfo search_links_reports_profiles services_admin users_sessions streams
[watchdog 2026-08-07T17:28:29Z loop 89]
  DONE: posts comments photos contacts_aspects_blocks conversations likes people
  MISSING: notifications_tags oidc_federation_nodeinfo search_links_reports_profiles services_admin users_sessions streams
  STALLED(no progress 5min): notifications_tags oidc_federation_nodeinfo search_links_reports_profiles services_admin users_sessions streams
[watchdog 2026-08-07T17:33:29Z loop 90]
  DONE: posts comments photos contacts_aspects_blocks conversations likes people
  MISSING: notifications_tags oidc_federation_nodeinfo search_links_reports_profiles services_admin users_sessions streams
  STALLED(no progress 5min): notifications_tags oidc_federation_nodeinfo search_links_reports_profiles services_admin users_sessions streams
[watchdog 2026-08-07T17:38:29Z loop 91]
  DONE: posts comments photos contacts_aspects_blocks conversations likes people
  MISSING: notifications_tags oidc_federation_nodeinfo search_links_reports_profiles services_admin users_sessions streams
  STALLED(no progress 5min): notifications_tags oidc_federation_nodeinfo search_links_reports_profiles services_admin users_sessions streams
[watchdog 2026-08-07T17:43:29Z loop 92]
  DONE: posts comments photos contacts_aspects_blocks conversations likes people
  MISSING: notifications_tags oidc_federation_nodeinfo search_links_reports_profiles services_admin users_sessions streams
  STALLED(no progress 5min): notifications_tags oidc_federation_nodeinfo search_links_reports_profiles services_admin users_sessions streams
[watchdog 2026-08-07T17:48:29Z loop 93]
  DONE: posts comments photos contacts_aspects_blocks conversations likes people
  MISSING: notifications_tags oidc_federation_nodeinfo search_links_reports_profiles services_admin users_sessions streams
  STALLED(no progress 5min): notifications_tags oidc_federation_nodeinfo search_links_reports_profiles services_admin users_sessions streams
[watchdog 2026-08-07T17:53:29Z loop 94]
  DONE: posts comments photos contacts_aspects_blocks conversations likes people
  MISSING: notifications_tags oidc_federation_nodeinfo search_links_reports_profiles services_admin users_sessions streams
  STALLED(no progress 5min): notifications_tags oidc_federation_nodeinfo search_links_reports_profiles services_admin users_sessions streams
[watchdog 2026-08-07T17:58:29Z loop 95]
  DONE: posts comments photos contacts_aspects_blocks conversations likes people
  MISSING: notifications_tags oidc_federation_nodeinfo search_links_reports_profiles services_admin users_sessions streams
  STALLED(no progress 5min): notifications_tags oidc_federation_nodeinfo search_links_reports_profiles services_admin users_sessions streams
[watchdog 2026-08-07T18:03:29Z loop 96]
  DONE: posts comments photos contacts_aspects_blocks conversations likes people
  MISSING: notifications_tags oidc_federation_nodeinfo search_links_reports_profiles services_admin users_sessions streams
  STALLED(no progress 5min): notifications_tags oidc_federation_nodeinfo search_links_reports_profiles services_admin users_sessions streams
[watchdog 2026-08-07T18:08:29Z loop 97]
  DONE: posts comments photos contacts_aspects_blocks conversations likes people
  MISSING: notifications_tags oidc_federation_nodeinfo search_links_reports_profiles services_admin users_sessions streams
  STALLED(no progress 5min): notifications_tags oidc_federation_nodeinfo search_links_reports_profiles services_admin users_sessions streams
[watchdog 2026-08-07T18:13:29Z loop 98]
  DONE: posts comments photos contacts_aspects_blocks conversations likes people
  MISSING: notifications_tags oidc_federation_nodeinfo search_links_reports_profiles services_admin users_sessions streams
  STALLED(no progress 5min): notifications_tags oidc_federation_nodeinfo search_links_reports_profiles services_admin users_sessions streams
[watchdog 2026-08-07T18:18:29Z loop 99]
  DONE: posts comments photos contacts_aspects_blocks conversations likes people
  MISSING: notifications_tags oidc_federation_nodeinfo search_links_reports_profiles services_admin users_sessions streams
  STALLED(no progress 5min): notifications_tags oidc_federation_nodeinfo search_links_reports_profiles services_admin users_sessions streams
[watchdog 2026-08-07T18:23:29Z loop 100]
  DONE: posts comments photos contacts_aspects_blocks conversations likes people
  MISSING: notifications_tags oidc_federation_nodeinfo search_links_reports_profiles services_admin users_sessions streams
  STALLED(no progress 5min): notifications_tags oidc_federation_nodeinfo search_links_reports_profiles services_admin users_sessions streams
[watchdog 2026-08-07T18:28:30Z loop 101]
  DONE: posts comments photos contacts_aspects_blocks conversations likes people
  MISSING: notifications_tags oidc_federation_nodeinfo search_links_reports_profiles services_admin users_sessions streams
  STALLED(no progress 5min): notifications_tags oidc_federation_nodeinfo search_links_reports_profiles services_admin users_sessions streams
[watchdog 2026-08-07T18:33:30Z loop 102]
  DONE: posts comments photos contacts_aspects_blocks conversations likes people
  MISSING: notifications_tags oidc_federation_nodeinfo search_links_reports_profiles services_admin users_sessions streams
  STALLED(no progress 5min): notifications_tags oidc_federation_nodeinfo search_links_reports_profiles services_admin users_sessions streams
[watchdog 2026-08-07T18:38:30Z loop 103]
  DONE: posts comments photos contacts_aspects_blocks conversations likes people
  MISSING: notifications_tags oidc_federation_nodeinfo search_links_reports_profiles services_admin users_sessions streams
  STALLED(no progress 5min): notifications_tags oidc_federation_nodeinfo search_links_reports_profiles services_admin users_sessions streams
[watchdog 2026-08-07T18:43:30Z loop 104]
  DONE: posts comments photos contacts_aspects_blocks conversations likes people
  MISSING: notifications_tags oidc_federation_nodeinfo search_links_reports_profiles services_admin users_sessions streams
  STALLED(no progress 5min): notifications_tags oidc_federation_nodeinfo search_links_reports_profiles services_admin users_sessions streams
[watchdog 2026-08-07T18:48:30Z loop 105]
  DONE: posts comments photos contacts_aspects_blocks conversations likes people
  MISSING: notifications_tags oidc_federation_nodeinfo search_links_reports_profiles services_admin users_sessions streams
  STALLED(no progress 5min): notifications_tags oidc_federation_nodeinfo search_links_reports_profiles services_admin users_sessions streams
[watchdog 2026-08-07T18:53:30Z loop 106]
  DONE: posts comments photos contacts_aspects_blocks conversations likes people
  MISSING: notifications_tags oidc_federation_nodeinfo search_links_reports_profiles services_admin users_sessions streams
  STALLED(no progress 5min): notifications_tags oidc_federation_nodeinfo search_links_reports_profiles services_admin users_sessions streams
[watchdog 2026-08-07T18:58:30Z loop 107]
  DONE: posts comments photos contacts_aspects_blocks conversations likes people
  MISSING: notifications_tags oidc_federation_nodeinfo search_links_reports_profiles services_admin users_sessions streams
  STALLED(no progress 5min): notifications_tags oidc_federation_nodeinfo search_links_reports_profiles services_admin users_sessions streams
[watchdog 2026-08-07T19:03:30Z loop 108]
  DONE: posts comments photos contacts_aspects_blocks conversations likes people
  MISSING: notifications_tags oidc_federation_nodeinfo search_links_reports_profiles services_admin users_sessions streams
  STALLED(no progress 5min): notifications_tags oidc_federation_nodeinfo search_links_reports_profiles services_admin users_sessions streams
[watchdog 2026-08-07T19:08:30Z loop 109]
  DONE: posts comments photos contacts_aspects_blocks conversations likes people
  MISSING: notifications_tags oidc_federation_nodeinfo search_links_reports_profiles services_admin users_sessions streams
  STALLED(no progress 5min): notifications_tags oidc_federation_nodeinfo search_links_reports_profiles services_admin users_sessions streams
[watchdog 2026-08-07T19:13:30Z loop 110]
  DONE: posts comments photos contacts_aspects_blocks conversations likes people
  MISSING: notifications_tags oidc_federation_nodeinfo search_links_reports_profiles services_admin users_sessions streams
  STALLED(no progress 5min): notifications_tags oidc_federation_nodeinfo search_links_reports_profiles services_admin users_sessions streams
[watchdog 2026-08-07T19:18:30Z loop 111]
  DONE: posts comments photos contacts_aspects_blocks conversations likes people
  MISSING: notifications_tags oidc_federation_nodeinfo search_links_reports_profiles services_admin users_sessions streams
  STALLED(no progress 5min): notifications_tags oidc_federation_nodeinfo search_links_reports_profiles services_admin users_sessions streams
[watchdog 2026-08-07T19:23:30Z loop 112]
  DONE: posts comments photos contacts_aspects_blocks conversations likes people
  MISSING: notifications_tags oidc_federation_nodeinfo search_links_reports_profiles services_admin users_sessions streams
  STALLED(no progress 5min): notifications_tags oidc_federation_nodeinfo search_links_reports_profiles services_admin users_sessions streams
[watchdog 2026-08-07T19:28:30Z loop 113]
  DONE: posts comments photos contacts_aspects_blocks conversations likes people
  MISSING: notifications_tags oidc_federation_nodeinfo search_links_reports_profiles services_admin users_sessions streams
  STALLED(no progress 5min): notifications_tags oidc_federation_nodeinfo search_links_reports_profiles services_admin users_sessions streams
[watchdog 2026-08-07T19:33:30Z loop 114]
  DONE: posts comments photos contacts_aspects_blocks conversations likes people
  MISSING: notifications_tags oidc_federation_nodeinfo search_links_reports_profiles services_admin users_sessions streams
  STALLED(no progress 5min): notifications_tags oidc_federation_nodeinfo search_links_reports_profiles services_admin users_sessions streams
[watchdog 2026-08-07T19:38:30Z loop 115]
  DONE: posts comments photos contacts_aspects_blocks conversations likes people
  MISSING: notifications_tags oidc_federation_nodeinfo search_links_reports_profiles services_admin users_sessions streams
  STALLED(no progress 5min): notifications_tags oidc_federation_nodeinfo search_links_reports_profiles services_admin users_sessions streams
[watchdog 2026-08-07T19:43:31Z loop 116]
  DONE: posts comments photos contacts_aspects_blocks conversations likes people
  MISSING: notifications_tags oidc_federation_nodeinfo search_links_reports_profiles services_admin users_sessions streams
  STALLED(no progress 5min): notifications_tags oidc_federation_nodeinfo search_links_reports_profiles services_admin users_sessions streams
[watchdog 2026-08-07T19:48:31Z loop 117]
  DONE: posts comments photos contacts_aspects_blocks conversations likes people
  MISSING: notifications_tags oidc_federation_nodeinfo search_links_reports_profiles services_admin users_sessions streams
  STALLED(no progress 5min): notifications_tags oidc_federation_nodeinfo search_links_reports_profiles services_admin users_sessions streams
[watchdog 2026-08-07T19:53:31Z loop 118]
  DONE: posts comments photos contacts_aspects_blocks conversations likes people
  MISSING: notifications_tags oidc_federation_nodeinfo search_links_reports_profiles services_admin users_sessions streams
  STALLED(no progress 5min): notifications_tags oidc_federation_nodeinfo search_links_reports_profiles services_admin users_sessions streams
[watchdog 2026-08-07T19:58:31Z loop 119]
  DONE: posts comments photos contacts_aspects_blocks conversations likes people
  MISSING: notifications_tags oidc_federation_nodeinfo search_links_reports_profiles services_admin users_sessions streams
  STALLED(no progress 5min): notifications_tags oidc_federation_nodeinfo search_links_reports_profiles services_admin users_sessions streams
[watchdog 2026-08-07T20:03:31Z loop 120]
  DONE: posts comments photos contacts_aspects_blocks conversations likes people
  MISSING: notifications_tags oidc_federation_nodeinfo search_links_reports_profiles services_admin users_sessions streams
  STALLED(no progress 5min): notifications_tags oidc_federation_nodeinfo search_links_reports_profiles services_admin users_sessions streams
[watchdog 2026-08-07T20:08:31Z loop 121]
  DONE: posts comments photos contacts_aspects_blocks conversations likes people
  MISSING: notifications_tags oidc_federation_nodeinfo search_links_reports_profiles services_admin users_sessions streams
  STALLED(no progress 5min): notifications_tags oidc_federation_nodeinfo search_links_reports_profiles services_admin users_sessions streams
[watchdog 2026-08-07T20:13:31Z loop 122]
  DONE: posts comments photos contacts_aspects_blocks conversations likes people
  MISSING: notifications_tags oidc_federation_nodeinfo search_links_reports_profiles services_admin users_sessions streams
  STALLED(no progress 5min): notifications_tags oidc_federation_nodeinfo search_links_reports_profiles services_admin users_sessions streams
[watchdog 2026-08-07T20:18:31Z loop 123]
  DONE: posts comments photos contacts_aspects_blocks conversations likes people
  MISSING: notifications_tags oidc_federation_nodeinfo search_links_reports_profiles services_admin users_sessions streams
  STALLED(no progress 5min): notifications_tags oidc_federation_nodeinfo search_links_reports_profiles services_admin users_sessions streams
[watchdog 2026-08-07T20:23:31Z loop 124]
  DONE: posts comments photos contacts_aspects_blocks conversations likes people
  MISSING: notifications_tags oidc_federation_nodeinfo search_links_reports_profiles services_admin users_sessions streams
  STALLED(no progress 5min): notifications_tags oidc_federation_nodeinfo search_links_reports_profiles services_admin users_sessions streams
[watchdog 2026-08-07T20:28:31Z loop 125]
  DONE: posts comments photos contacts_aspects_blocks conversations likes people
  MISSING: notifications_tags oidc_federation_nodeinfo search_links_reports_profiles services_admin users_sessions streams
  STALLED(no progress 5min): notifications_tags oidc_federation_nodeinfo search_links_reports_profiles services_admin users_sessions
[watchdog 2026-08-07T20:33:31Z loop 126]
  DONE: posts comments photos contacts_aspects_blocks conversations likes people
  MISSING: notifications_tags oidc_federation_nodeinfo search_links_reports_profiles services_admin users_sessions streams
  STALLED(no progress 5min): notifications_tags oidc_federation_nodeinfo search_links_reports_profiles services_admin users_sessions streams
[watchdog 2026-08-07T20:38:31Z loop 127]
  DONE: posts comments photos contacts_aspects_blocks conversations likes people
  MISSING: notifications_tags oidc_federation_nodeinfo search_links_reports_profiles services_admin users_sessions streams
  STALLED(no progress 5min): notifications_tags oidc_federation_nodeinfo search_links_reports_profiles services_admin users_sessions streams
[watchdog 2026-08-07T20:43:31Z loop 128]
  DONE: posts comments photos contacts_aspects_blocks conversations likes people
  MISSING: notifications_tags oidc_federation_nodeinfo search_links_reports_profiles services_admin users_sessions streams
  STALLED(no progress 5min): notifications_tags oidc_federation_nodeinfo search_links_reports_profiles services_admin users_sessions streams
[watchdog 2026-08-07T20:48:31Z loop 129]
  DONE: posts comments photos contacts_aspects_blocks conversations likes people
  MISSING: notifications_tags oidc_federation_nodeinfo search_links_reports_profiles services_admin users_sessions streams
  STALLED(no progress 5min): notifications_tags oidc_federation_nodeinfo search_links_reports_profiles services_admin users_sessions streams
[watchdog 2026-08-07T20:53:31Z loop 130]
  DONE: posts comments photos contacts_aspects_blocks conversations likes people
  MISSING: notifications_tags oidc_federation_nodeinfo search_links_reports_profiles services_admin users_sessions streams
  STALLED(no progress 5min): notifications_tags oidc_federation_nodeinfo search_links_reports_profiles services_admin users_sessions streams
[watchdog 2026-08-07T20:58:32Z loop 131]
  DONE: posts comments photos contacts_aspects_blocks conversations likes people
  MISSING: notifications_tags oidc_federation_nodeinfo search_links_reports_profiles services_admin users_sessions streams
  STALLED(no progress 5min): notifications_tags oidc_federation_nodeinfo search_links_reports_profiles services_admin users_sessions streams
[watchdog 2026-08-07T21:03:32Z loop 132]
  DONE: posts comments photos contacts_aspects_blocks conversations likes people
  MISSING: notifications_tags oidc_federation_nodeinfo search_links_reports_profiles services_admin users_sessions streams
  STALLED(no progress 5min): notifications_tags oidc_federation_nodeinfo search_links_reports_profiles services_admin users_sessions streams
[watchdog 2026-08-07T21:08:32Z loop 133]
  DONE: posts comments photos contacts_aspects_blocks conversations likes people
  MISSING: notifications_tags oidc_federation_nodeinfo search_links_reports_profiles services_admin users_sessions streams
  STALLED(no progress 5min): notifications_tags oidc_federation_nodeinfo search_links_reports_profiles services_admin users_sessions streams
[watchdog 2026-08-07T21:13:32Z loop 134]
  DONE: posts comments photos contacts_aspects_blocks conversations likes people
  MISSING: notifications_tags oidc_federation_nodeinfo search_links_reports_profiles services_admin users_sessions streams
  STALLED(no progress 5min): notifications_tags oidc_federation_nodeinfo search_links_reports_profiles services_admin users_sessions streams
[watchdog 2026-08-07T21:18:32Z loop 135]
  DONE: posts comments photos contacts_aspects_blocks conversations likes people
  MISSING: notifications_tags oidc_federation_nodeinfo search_links_reports_profiles services_admin users_sessions streams
  STALLED(no progress 5min): notifications_tags oidc_federation_nodeinfo search_links_reports_profiles services_admin users_sessions streams
[watchdog 2026-08-07T21:23:32Z loop 136]
  DONE: posts comments photos contacts_aspects_blocks conversations likes people
  MISSING: notifications_tags oidc_federation_nodeinfo search_links_reports_profiles services_admin users_sessions streams
  STALLED(no progress 5min): notifications_tags oidc_federation_nodeinfo search_links_reports_profiles services_admin users_sessions streams
[watchdog 2026-08-07T21:28:32Z loop 137]
  DONE: posts comments photos contacts_aspects_blocks conversations likes people
  MISSING: notifications_tags oidc_federation_nodeinfo search_links_reports_profiles services_admin users_sessions streams
  STALLED(no progress 5min): notifications_tags oidc_federation_nodeinfo search_links_reports_profiles services_admin users_sessions streams
[watchdog 2026-08-07T21:33:32Z loop 138]
  DONE: posts comments photos contacts_aspects_blocks conversations likes people
  MISSING: notifications_tags oidc_federation_nodeinfo search_links_reports_profiles services_admin users_sessions streams
  STALLED(no progress 5min): notifications_tags oidc_federation_nodeinfo search_links_reports_profiles services_admin users_sessions streams
[watchdog 2026-08-07T21:38:32Z loop 139]
  DONE: posts comments photos contacts_aspects_blocks conversations likes people
  MISSING: notifications_tags oidc_federation_nodeinfo search_links_reports_profiles services_admin users_sessions streams
  STALLED(no progress 5min): notifications_tags oidc_federation_nodeinfo search_links_reports_profiles services_admin users_sessions streams
[watchdog 2026-08-07T21:43:32Z loop 140]
  DONE: posts comments photos contacts_aspects_blocks conversations likes people
  MISSING: notifications_tags oidc_federation_nodeinfo search_links_reports_profiles services_admin users_sessions streams
  STALLED(no progress 5min): notifications_tags oidc_federation_nodeinfo search_links_reports_profiles services_admin users_sessions streams
[watchdog 2026-08-07T21:48:32Z loop 141]
  DONE: posts comments photos contacts_aspects_blocks conversations likes people
  MISSING: notifications_tags oidc_federation_nodeinfo search_links_reports_profiles services_admin users_sessions streams
  STALLED(no progress 5min): notifications_tags oidc_federation_nodeinfo search_links_reports_profiles services_admin users_sessions streams
[watchdog 2026-08-07T21:53:32Z loop 142]
  DONE: posts comments photos contacts_aspects_blocks conversations likes people streams
  MISSING: notifications_tags oidc_federation_nodeinfo search_links_reports_profiles services_admin users_sessions
  STALLED(no progress 5min): notifications_tags oidc_federation_nodeinfo search_links_reports_profiles services_admin users_sessions
[watchdog 2026-08-07T21:58:32Z loop 143]
  DONE: posts comments photos contacts_aspects_blocks conversations notifications_tags likes people streams
  MISSING: oidc_federation_nodeinfo search_links_reports_profiles services_admin users_sessions
  STALLED(no progress 5min): oidc_federation_nodeinfo search_links_reports_profiles services_admin users_sessions
[watchdog 2026-08-07T22:03:32Z loop 144]
  DONE: posts comments photos contacts_aspects_blocks conversations notifications_tags oidc_federation_nodeinfo search_links_reports_profiles likes people streams
  MISSING: services_admin users_sessions
  STALLED(no progress 5min): users_sessions
[watchdog 2026-08-07T22:08:32Z loop 145]
  DONE: posts comments photos contacts_aspects_blocks conversations notifications_tags oidc_federation_nodeinfo search_links_reports_profiles services_admin users_sessions likes people streams
  MISSING: none
  STALLED(no progress 5min): none
ALL 13 BATCHES COMPLETE
