Top level ::CompositeIO is deprecated, require 'multipart/post' and use `Multipart::Post::CompositeReadIO` instead!
Top level ::Parts is deprecated, require 'multipart/post' and use `Multipart::Post::Parts` instead!
/home/dev/.gem/jruby/2.6.0/gems/faraday-0.15.4/lib/faraday/upload_io.rb:65: warning: constant ::UploadIO is deprecated
/home/dev/.gem/jruby/2.6.0/gems/faraday-0.15.4/lib/faraday/upload_io.rb:66: warning: constant ::Parts is deprecated
Ignoring activerecord-jdbc-adapter-52.8-java because its extensions are not built. Try: gem pristine activerecord-jdbc-adapter --version 52.8
[fog][DEPRECATION] Unable to load Fog::AWS::AutoScaling
[fog][DEPRECATION] Falling back to deprecated constant Fog::AutoScaling::AWS. The preferred format of service provider constants has changed from service::provider to provider::service. Please update this service provider to use the preferred format.
[fog][DEPRECATION] Unable to load Fog::AWS::ElasticBeanstalk
[fog][DEPRECATION] Falling back to deprecated constant Fog::ElasticBeanstalk::AWS. The preferred format of service provider constants has changed from service::provider to provider::service. Please update this service provider to use the preferred format.
[fog][DEPRECATION] Unable to load Fog::AWS::CDN
[fog][DEPRECATION] Falling back to deprecated constant Fog::CDN::AWS. The preferred format of service provider constants has changed from service::provider to provider::service. Please update this service provider to use the preferred format.
[fog][DEPRECATION] Unable to load Fog::AWS::CloudFormation
[fog][DEPRECATION] Falling back to deprecated constant Fog::CloudFormation::AWS. The preferred format of service provider constants has changed from service::provider to provider::service. Please update this service provider to use the preferred format.
[fog][DEPRECATION] Unable to load Fog::AWS::CloudWatch
[fog][DEPRECATION] Falling back to deprecated constant Fog::CloudWatch::AWS. The preferred format of service provider constants has changed from service::provider to provider::service. Please update this service provider to use the preferred format.
[fog][DEPRECATION] Unable to load Fog::AWS::Compute
[fog][DEPRECATION] Falling back to deprecated constant Fog::Compute::AWS. The preferred format of service provider constants has changed from service::provider to provider::service. Please update this service provider to use the preferred format.
[fog][DEPRECATION] Unable to load Fog::AWS::DataPipeline
[fog][DEPRECATION] Falling back to deprecated constant Fog::DataPipeline::AWS. The preferred format of service provider constants has changed from service::provider to provider::service. Please update this service provider to use the preferred format.
[fog][DEPRECATION] Unable to load Fog::AWS::DNS
[fog][DEPRECATION] Falling back to deprecated constant Fog::DNS::AWS. The preferred format of service provider constants has changed from service::provider to provider::service. Please update this service provider to use the preferred format.
[fog][DEPRECATION] Unable to load Fog::AWS::DynamoDB
[fog][DEPRECATION] Falling back to deprecated constant Fog::DynamoDB::AWS. The preferred format of service provider constants has changed from service::provider to provider::service. Please update this service provider to use the preferred format.
[fog][DEPRECATION] Unable to load Fog::AWS::Elasticache
[fog][DEPRECATION] Falling back to deprecated constant Fog::Elasticache::AWS. The preferred format of service provider constants has changed from service::provider to provider::service. Please update this service provider to use the preferred format.
[fog][DEPRECATION] Unable to load Fog::AWS::ECS
[fog][DEPRECATION] Falling back to deprecated constant Fog::ECS::AWS. The preferred format of service provider constants has changed from service::provider to provider::service. Please update this service provider to use the preferred format.
[fog][DEPRECATION] Unable to load Fog::AWS::EFS
[fog][DEPRECATION] Falling back to deprecated constant Fog::EFS::AWS. The preferred format of service provider constants has changed from service::provider to provider::service. Please update this service provider to use the preferred format.
[fog][DEPRECATION] Unable to load Fog::AWS::ELB
[fog][DEPRECATION] Falling back to deprecated constant Fog::ELB::AWS. The preferred format of service provider constants has changed from service::provider to provider::service. Please update this service provider to use the preferred format.
[fog][DEPRECATION] Unable to load Fog::AWS::EMR
[fog][DEPRECATION] Falling back to deprecated constant Fog::EMR::AWS. The preferred format of service provider constants has changed from service::provider to provider::service. Please update this service provider to use the preferred format.
[fog][DEPRECATION] Unable to load Fog::AWS::Federation
[fog][DEPRECATION] Falling back to deprecated constant Fog::Federation::AWS. The preferred format of service provider constants has changed from service::provider to provider::service. Please update this service provider to use the preferred format.
[fog][DEPRECATION] Unable to load Fog::AWS::Glacier
[fog][DEPRECATION] Falling back to deprecated constant Fog::Glacier::AWS. The preferred format of service provider constants has changed from service::provider to provider::service. Please update this service provider to use the preferred format.
[fog][DEPRECATION] Unable to load Fog::AWS::IAM
[fog][DEPRECATION] Falling back to deprecated constant Fog::IAM::AWS. The preferred format of service provider constants has changed from service::provider to provider::service. Please update this service provider to use the preferred format.
[fog][DEPRECATION] Unable to load Fog::AWS::Kinesis
[fog][DEPRECATION] Falling back to deprecated constant Fog::Kinesis::AWS. The preferred format of service provider constants has changed from service::provider to provider::service. Please update this service provider to use the preferred format.
[fog][DEPRECATION] Unable to load Fog::AWS::KMS
[fog][DEPRECATION] Falling back to deprecated constant Fog::KMS::AWS. The preferred format of service provider constants has changed from service::provider to provider::service. Please update this service provider to use the preferred format.
[fog][DEPRECATION] Unable to load Fog::AWS::Lambda
[fog][DEPRECATION] Falling back to deprecated constant Fog::Lambda::AWS. The preferred format of service provider constants has changed from service::provider to provider::service. Please update this service provider to use the preferred format.
[fog][DEPRECATION] Unable to load Fog::AWS::RDS
[fog][DEPRECATION] Falling back to deprecated constant Fog::RDS::AWS. The preferred format of service provider constants has changed from service::provider to provider::service. Please update this service provider to use the preferred format.
[fog][DEPRECATION] Unable to load Fog::AWS::Redshift
[fog][DEPRECATION] Falling back to deprecated constant Fog::Redshift::AWS. The preferred format of service provider constants has changed from service::provider to provider::service. Please update this service provider to use the preferred format.
[fog][DEPRECATION] Unable to load Fog::AWS::SES
[fog][DEPRECATION] Falling back to deprecated constant Fog::SES::AWS. The preferred format of service provider constants has changed from service::provider to provider::service. Please update this service provider to use the preferred format.
[fog][DEPRECATION] Unable to load Fog::AWS::SimpleDB
[fog][DEPRECATION] Falling back to deprecated constant Fog::SimpleDB::AWS. The preferred format of service provider constants has changed from service::provider to provider::service. Please update this service provider to use the preferred format.
[fog][DEPRECATION] Unable to load Fog::AWS::SNS
[fog][DEPRECATION] Falling back to deprecated constant Fog::SNS::AWS. The preferred format of service provider constants has changed from service::provider to provider::service. Please update this service provider to use the preferred format.
[fog][DEPRECATION] Unable to load Fog::AWS::SQS
[fog][DEPRECATION] Falling back to deprecated constant Fog::SQS::AWS. The preferred format of service provider constants has changed from service::provider to provider::service. Please update this service provider to use the preferred format.
[fog][DEPRECATION] Unable to load Fog::AWS::Storage
[fog][DEPRECATION] Falling back to deprecated constant Fog::Storage::AWS. The preferred format of service provider constants has changed from service::provider to provider::service. Please update this service provider to use the preferred format.
[fog][DEPRECATION] Unable to load Fog::AWS::STS
[fog][DEPRECATION] Falling back to deprecated constant Fog::STS::AWS. The preferred format of service provider constants has changed from service::provider to provider::service. Please update this service provider to use the preferred format.
[fog][DEPRECATION] Unable to load Fog::AWS::Support
[fog][DEPRECATION] Falling back to deprecated constant Fog::Support::AWS. The preferred format of service provider constants has changed from service::provider to provider::service. Please update this service provider to use the preferred format.
Rack::SSL is enabled
== people batch: harness ready ==
  [people_index_shortq_json] PCs=0 error=ActionController::UnknownFormat: PeopleController#index is missing a template for this request format and variant.

request
  [people_index_shortq_html] PCs=0 error=NotImplementedError: SymbolicList#each is not supported (contents out of scope). Only #empty?, #any?, #none?, #
  [people_index_handle_html] PCs=0 error=Redis::CannotConnectError: Error connecting to Redis on 127.0.0.1:6379 (Errno::ECONNREFUSED)
  [people_index_handle_empty] PCs=0 error=Redis::CannotConnectError: Error connecting to Redis on 127.0.0.1:6379 (Errno::ECONNREFUSED)
  [people_index_found_json] PCs=0 error=ActionController::UnknownFormat: PeopleController#index is missing a template for this request format and variant.

request
  [people_show_diasporaid_first] PCs=2 error=NotImplementedError: SymbolicString#empty? is not supported in the concolic runtime
  [people_show_diasporaid_notfound] PCs=1 error=none
  [people_show_diasporaid_closed] PCs=2 error=none
  [people_show_findby_statementcache] PCs=2 error=NotImplementedError: SymbolicString#empty? is not supported in the concolic runtime
  [people_stream_default] PCs=2 error=NotImplementedError: SymbolicList#each is not supported (contents out of scope). Only #empty?, #any?, #none?, #
  [people_stream_closed] PCs=2 error=none
  [people_stream_notfound] PCs=1 error=none
  [people_hovercard_default] PCs=2 error=none
  [people_hovercard_notfound] PCs=1 error=none
  [people_hovercard_closed] PCs=2 error=none
  [people_refresh_search_default] PCs=0 error=ActionController::UnknownFormat: PeopleController#refresh_search is missing a template for this request format and variant.
  [people_refresh_search_empty] PCs=0 error=ActionController::UnknownFormat: PeopleController#refresh_search is missing a template for this request format and variant.
  [people_retrieve_remote_default] PCs=0 error=Redis::CannotConnectError: Error connecting to Redis on 127.0.0.1:6379 (Errno::ECONNREFUSED)
  [people_retrieve_remote_nohandle] PCs=0 error=none
== people batch done (elapsed 0.8s) ==
